[www.codingwebstudio.com/livepreview/Digital website/index.html]
[backblue.gif]
[fade.gif]
[index.html]
[unpkg.com/aos@next/dist/aos.1.delayed]
[unpkg.com/aos@3.0.0-beta.6/dist/aos.css]
[www.codingwebstudio.com/livepreview/Digital website/css/easy.css]
[www.codingwebstudio.com/livepreview/Digital website/css/slick.min.css]
[www.codingwebstudio.com/livepreview/Digital website/css/style.css]
[www.codingwebstudio.com/livepreview/Digital website/css/responsive.css]
[www.codingwebstudio.com/livepreview/Digital website/Images/fave_icon.png]
[cdnjs.cloudflare.com/ajax/libs/font-awesome/6.4.2/css/all.min.css]
[www.codingwebstudio.com/livepreview/Digital website/Images/logo.png]
[www.codingwebstudio.com/livepreview/Digital website/comingsoon.html]
[www.codingwebstudio.com/livepreview/Digital website/coming_soon.html]
[www.codingwebstudio.com/livepreview/Digital website/about.html]
[www.codingwebstudio.com/livepreview/Digital website/contact.html]
[www.codingwebstudio.com/livepreview/Digital website/services.html]
[www.codingwebstudio.com/livepreview/Digital website/pricing.html]
[www.codingwebstudio.com/livepreview/Digital website/portfolio.html]
[www.codingwebstudio.com/livepreview/Digital website/team.html]
[www.codingwebstudio.com/livepreview/Digital website/testimonials.html]
[www.codingwebstudio.com/livepreview/Digital website/faq.html]
[www.codingwebstudio.com/livepreview/Digital website/blog.html]
[www.codingwebstudio.com/livepreview/Digital website/404.html]
[www.codingwebstudio.com/livepreview/Digital website/Images/right-side-logo.png]
[www.codingwebstudio.com/livepreview/Digital website/Images/icon/feature1.png]
[www.codingwebstudio.com/livepreview/Digital website/Images/icon/feature2.png]
[www.codingwebstudio.com/livepreview/Digital website/Images/icon/feature3.png]
[www.codingwebstudio.com/livepreview/Digital website/Images/icon/feature4.png]
[www.codingwebstudio.com/livepreview/Digital website/Images/home/logoipsum1.svg]
[www.codingwebstudio.com/livepreview/Digital website/Images/home/logoipsum2.svg]
[www.codingwebstudio.com/livepreview/Digital website/Images/home/logoipsum3.svg]
[www.codingwebstudio.com/livepreview/Digital website/Images/home/logoipsum4.svg]
[www.codingwebstudio.com/livepreview/Digital website/Images/home/logoipsum5.svg]
[www.codingwebstudio.com/livepreview/Digital website/Images/home/logoipsum6.svg]
[www.codingwebstudio.com/livepreview/Digital website/Images/home/about.png]
[www.codingwebstudio.com/livepreview/Digital website/Images/home/all-gallary-1.png]
[www.codingwebstudio.com/livepreview/Digital website/Images/home/all-gallary-2.png]
[www.codingwebstudio.com/livepreview/Digital website/Images/home/all-gallary-3.png]
[www.codingwebstudio.com/livepreview/Digital website/Images/home/all-gallary-4.png]
[www.codingwebstudio.com/livepreview/Digital website/Images/home/all-gallary-5.png]
[www.codingwebstudio.com/livepreview/Digital website/Images/home/all-gallary-6.png]
[www.codingwebstudio.com/livepreview/Digital website/Images/home/all-gallary-7.png]
[www.codingwebstudio.com/livepreview/Digital website/Images/home/all-gallary-8.png]
[www.codingwebstudio.com/livepreview/Digital website/Images/home/design-gallary-3.png]
[www.codingwebstudio.com/livepreview/Digital website/Images/home/design-gallary-6.png]
[www.codingwebstudio.com/livepreview/Digital website/Images/home/design-gallary-7.png]
[www.codingwebstudio.com/livepreview/Digital website/Images/home/design-gallary-1.png]
[www.codingwebstudio.com/livepreview/Digital website/Images/home/design-gallary-2.png]
[www.codingwebstudio.com/livepreview/Digital website/Images/home/design-gallary-4.png]
[www.codingwebstudio.com/livepreview/Digital website/Images/home/dev-gallary-3.png]
[www.codingwebstudio.com/livepreview/Digital website/Images/home/dev-gallary-4.png]
[www.codingwebstudio.com/livepreview/Digital website/Images/home/dev-gallary-5.png]
[www.codingwebstudio.com/livepreview/Digital website/Images/home/dev-gallary-6.png]
[www.codingwebstudio.com/livepreview/Digital website/Images/home/dev-gallary-7.png]
[www.codingwebstudio.com/livepreview/Digital website/Images/home/dev-gallary-8.png]
[www.codingwebstudio.com/livepreview/Digital website/Images/home/brand-gallary-6.png]
[www.codingwebstudio.com/livepreview/Digital website/Images/home/brand-gallary-8.png]
[www.codingwebstudio.com/livepreview/Digital website/Images/home/ui-ux-gallary-3.png]
[www.codingwebstudio.com/livepreview/Digital website/Images/home/ui-ux-gallary-4.png]
[www.codingwebstudio.com/livepreview/Digital website/Images/home/market-gallary-1.png]
[www.codingwebstudio.com/livepreview/Digital website/Images/home/market-gallary-2.png]
[www.codingwebstudio.com/livepreview/Digital website/Images/home/market-gallary-3.png]
[www.codingwebstudio.com/livepreview/Digital website/Images/home/market-gallary-4.png]
[www.codingwebstudio.com/livepreview/Digital website/Images/home/seo-gallary-4.png]
[www.codingwebstudio.com/livepreview/Digital website/Images/home/seo-gallary-5.png]
[www.codingwebstudio.com/livepreview/Digital website/Images/home/seo-gallary-7.png]
[www.codingwebstudio.com/livepreview/Digital website/Images/home/seo-gallary-6.png]
[www.codingwebstudio.com/livepreview/Digital website/Images/home/seo-gallary-8.png]
[www.codingwebstudio.com/livepreview/Digital website/Images/icon/slider1.png]
[www.codingwebstudio.com/livepreview/Digital website/Images/icon/slider2.png]
[www.codingwebstudio.com/livepreview/Digital website/Images/icon/slider3.png]
[www.codingwebstudio.com/livepreview/Digital website/Images/home/experience.png]
[www.codingwebstudio.com/livepreview/Digital website/Images/slider/team-slider1.png]
[www.codingwebstudio.com/livepreview/Digital website/Images/slider/team-slider2.png]
[www.codingwebstudio.com/livepreview/Digital website/Images/slider/team-slider3.png]
[www.codingwebstudio.com/livepreview/Digital website/Images/slider/team-slider4.png]
[www.codingwebstudio.com/livepreview/Digital website/Images/icon/plus.png]
[www.codingwebstudio.com/livepreview/Digital website/Images/home/blog1.png]
[www.codingwebstudio.com/livepreview/Digital website/Images/home/blog2.png]
[www.codingwebstudio.com/livepreview/Digital website/Images/home/blog3.png]
[unpkg.com/aos@next/dist/aos.4f.delayed]
[unpkg.com/aos@3.0.0-beta.6/dist/aos.js]
[cdnjs.cloudflare.com/ajax/libs/jquery/3.7.1/jquery.js]
[cdnjs.cloudflare.com/ajax/libs/jquery/3.7.1/jquery.min.js]
[cdn.jsdelivr.net/npm/slick-carousel@1.8.1/slick/slick.min.js]
[www.codingwebstudio.com/livepreview/Digital website/index.html]
[unpkg.com/aos@3.0.0-beta.6/dist/aos.css]
[www.codingwebstudio.com/livepreview/Digital website/css/easy.css]
[www.codingwebstudio.com/livepreview/Digital website/css/slick.min.css]
[www.codingwebstudio.com/livepreview/Digital website/js/script.js]
[www.codingwebstudio.com/livepreview/Digital website/Images/bg/hero_bg.png]
[www.codingwebstudio.com/livepreview/Digital website/Images/bg/hero.png]
[www.codingwebstudio.com/livepreview/Digital website/Images/bg/about-bg.png]
[www.codingwebstudio.com/livepreview/Digital website/Images/bg/gallary-bg.png]
[www.codingwebstudio.com/livepreview/Digital website/Images/bg/experience_bg.jpg]
[www.codingwebstudio.com/livepreview/Digital website/Images/bg/experience_cercle.png]
[www.codingwebstudio.com/livepreview/Digital website/Images/bg/work-bg.jpg]
[www.codingwebstudio.com/livepreview/Digital website/Images/bg/work-line.png]
[www.codingwebstudio.com/livepreview/Digital website/Images/bg/pricing-bg.png]
[www.codingwebstudio.com/livepreview/Digital website/Images/bg/faq-bg.png]
[www.codingwebstudio.com/livepreview/Digital website/css/style.css]
[www.codingwebstudio.com/livepreview/Digital website/css/responsive.css]
[cdnjs.cloudflare.com/ajax/libs/font-awesome/6.4.2/css/all.min.css]
[www.codingwebstudio.com/livepreview/Digital website/Images/icon/coming-soon.png]
[www.codingwebstudio.com/livepreview/Digital website/js/aos.js]
[www.codingwebstudio.com/livepreview/Digital website/comingsoon.html]
[www.codingwebstudio.com/livepreview/Digital website/404]
[www.codingwebstudio.com/livepreview/Digital website/404-2]
[www.codingwebstudio.com/livepreview/Digital website/404-3]
[www.codingwebstudio.com/livepreview/Digital website/404-4]
[www.codingwebstudio.com/livepreview/Digital website/404-5]
[www.codingwebstudio.com/livepreview/Digital website/404-6]
[www.codingwebstudio.com/livepreview/Digital website/404-7]
[www.codingwebstudio.com/livepreview/Digital website/404-8]
[www.codingwebstudio.com/livepreview/Digital website/404-9]
[www.codingwebstudio.com/livepreview/Digital website/404-10]
[www.codingwebstudio.com/livepreview/Digital website/404-11]
[www.codingwebstudio.com/livepreview/Digital website/Images/home/logoipsum1.svg]
[www.codingwebstudio.com/livepreview/Digital website/Images/home/logoipsum2.svg]
[www.codingwebstudio.com/livepreview/Digital website/Images/home/logoipsum3.svg]
[www.codingwebstudio.com/livepreview/Digital website/Images/home/logoipsum4.svg]
[www.codingwebstudio.com/livepreview/Digital website/Images/home/logoipsum5.svg]
[www.codingwebstudio.com/livepreview/Digital website/Images/home/logoipsum6.svg]
[www.codingwebstudio.com/livepreview/Digital website/js/404]
